{
  "status": "PASS",
  "production_source_sha256": "28c0cda69852c18e2da3378d3528a00a4e1c5a3189dcac4468a19c7be1a9c8dd",
  "negative_control_source_sha256": "29e797d6ce56a6084218accfccfcb982b6c0204d0e36cb6c7ca0cf2d535e3257",
  "inherited_margin_mm": 3.8,
  "production_margin_mm": 4.1,
  "witness_sections": [
    {
      "z_mm": 9.1,
      "old_margin_wall_mm": 1.4239442275902547,
      "new_margin_wall_mm": 1.723945222483078
    },
    {
      "z_mm": 9.2,
      "old_margin_wall_mm": 1.3512899566980392,
      "new_margin_wall_mm": 1.6512909651208654
    },
    {
      "z_mm": 9.3,
      "old_margin_wall_mm": 1.278635685805824,
      "new_margin_wall_mm": 1.5786367077586498
    },
    {
      "z_mm": 9.4,
      "old_margin_wall_mm": 1.2059814149136088,
      "new_margin_wall_mm": 1.5059824503964452
    },
    {
      "z_mm": 9.45,
      "old_margin_wall_mm": 1.1696542794675082,
      "new_margin_wall_mm": 1.4696553217153372
    },
    {
      "z_mm": 9.47,
      "old_margin_wall_mm": 1.1552104947867574,
      "new_margin_wall_mm": 1.4552115397880576
    },
    {
      "z_mm": 9.5,
      "old_margin_wall_mm": 1.1583774797288695,
      "new_margin_wall_mm": 1.4583785423976294
    },
    {
      "z_mm": 9.6,
      "old_margin_wall_mm": 1.1689340962026051,
      "new_margin_wall_mm": 1.4689352177628785
    },
    {
      "z_mm": 9.7,
      "old_margin_wall_mm": 1.179490712676326,
      "new_margin_wall_mm": 1.4794918931281218
    },
    {
      "z_mm": 9.8,
      "old_margin_wall_mm": 1.1900473291500475,
      "new_margin_wall_mm": 1.4900485684933709
    }
  ],
  "validator_returncode": 1,
  "validator_output": "FAIL: Thin external wall at z=9.3",
  "rejected_as_expected": true,
  "note": "Only wall_margin changed; 36 degree tilt, 10.55 mm pitch, 3 mm cutter reach and 1.3 mm width rule retained."
}
