{
  "status": "PASS",
  "source_sha256": "28c0cda69852c18e2da3378d3528a00a4e1c5a3189dcac4468a19c7be1a9c8dd",
  "pitch_sweep_analytic": [
    {
      "pitch_mm": 10.2,
      "minimum_top_gap_mm": 1.155280994489388,
      "limiting_pair_axial_coordinates": [
        [
          -9,
          0
        ],
        [
          -8,
          0
        ]
      ]
    },
    {
      "pitch_mm": 10.3,
      "minimum_top_gap_mm": 1.2552809944893806,
      "limiting_pair_axial_coordinates": [
        [
          -9,
          9
        ],
        [
          -8,
          8
        ]
      ]
    },
    {
      "pitch_mm": 10.35,
      "minimum_top_gap_mm": 1.3052809944893766,
      "limiting_pair_axial_coordinates": [
        [
          -9,
          9
        ],
        [
          -8,
          8
        ]
      ]
    },
    {
      "pitch_mm": 10.4,
      "minimum_top_gap_mm": 1.3552809944893884,
      "limiting_pair_axial_coordinates": [
        [
          -9,
          9
        ],
        [
          -8,
          8
        ]
      ]
    },
    {
      "pitch_mm": 10.45,
      "minimum_top_gap_mm": 1.4052809944893843,
      "limiting_pair_axial_coordinates": [
        [
          -9,
          9
        ],
        [
          -8,
          8
        ]
      ]
    },
    {
      "pitch_mm": 10.5,
      "minimum_top_gap_mm": 1.455280994489368,
      "limiting_pair_axial_coordinates": [
        [
          -9,
          9
        ],
        [
          -8,
          8
        ]
      ]
    },
    {
      "pitch_mm": 10.55,
      "minimum_top_gap_mm": 1.5052809944893764,
      "limiting_pair_axial_coordinates": [
        [
          -9,
          9
        ],
        [
          -8,
          8
        ]
      ]
    },
    {
      "pitch_mm": 10.6,
      "minimum_top_gap_mm": 1.5552809944893724,
      "limiting_pair_axial_coordinates": [
        [
          -9,
          9
        ],
        [
          -8,
          8
        ]
      ]
    }
  ],
  "selected_pitch_mesh_gap_mm": 1.505279541015625,
  "negative_control": {
    "pitch_mm": 10.2,
    "source_sha256": "854cb8cef488758ea6bd7f6501002e43f0f6c1c261b2edb2481151e98f2f82d7",
    "mesh_gap_mm": 1.1552810668945312,
    "validator_returncode": 1,
    "validator_output": "FAIL: top web < 1.3 mm",
    "rejected_as_expected": true
  },
  "note": "Only the pitch guard was relaxed in the temporary negative source; the 1.3 mm measurement rule remained enabled."
}
