{
  "status": "PASS",
  "source_sha256": "345b464a33f8b37273c1ef297f5623a9c029a29eee79eb8e698b12d52779368a",
  "pitch_sweep_analytic": [
    {
      "pitch_mm": 9.45,
      "minimum_top_gap_mm": 1.2501416958346772,
      "limiting_pair_axial_coordinates": [
        [
          5,
          -5
        ],
        [
          6,
          -6
        ]
      ]
    },
    {
      "pitch_mm": 9.55,
      "minimum_top_gap_mm": 1.3501416958346866,
      "limiting_pair_axial_coordinates": [
        [
          -6,
          0
        ],
        [
          -5,
          0
        ]
      ]
    },
    {
      "pitch_mm": 9.6,
      "minimum_top_gap_mm": 1.4001416958346695,
      "limiting_pair_axial_coordinates": [
        [
          -6,
          0
        ],
        [
          -5,
          0
        ]
      ]
    },
    {
      "pitch_mm": 9.65,
      "minimum_top_gap_mm": 1.4501416958346809,
      "limiting_pair_axial_coordinates": [
        [
          -6,
          0
        ],
        [
          -5,
          0
        ]
      ]
    },
    {
      "pitch_mm": 9.7,
      "minimum_top_gap_mm": 1.500141695834678,
      "limiting_pair_axial_coordinates": [
        [
          -6,
          0
        ],
        [
          -5,
          0
        ]
      ]
    }
  ],
  "selected_pitch_mesh_gap_mm": 1.450099999999999,
  "negative_control": {
    "pitch_mm": 9.45,
    "source_sha256": "0a3bd0a814f7eb465663ed8520a6710f44c6b1f4309569914bae045db89f4d14",
    "mesh_gap_mm": 1.2501000000000033,
    "validator_returncode": 1,
    "validator_output": "FAIL: top web < 1.3 mm",
    "rejected_as_expected": true
  },
  "note": "Only the pitch guard was relaxed in the temporary negative source; the 1.3 mm measurement rule remained enabled."
}
